С1 0/0 [21:06] запуск
С1 1/24 [21:12] task/message.md и log.md прочитаны
С1 6/24 [21:14] код плагина: core, index, tasks, status, схема
С1 8/24 [21:21] методика @ 41ba76f: шаги 1-7, промпты, машинные форматы
С1 12/24 [21:21] Канон: README, process.md, AGENTS.md, ADR; образец 005
С1 20/24 [21:21] плагин: core, index, tasks, status, схема, окно, журналы хода
С1 22/24 [21:21] проба endsWithQuestion на одноразовой папке: блок из 4 строк не вопрос
С1 24/24 [21:21] готово: 24 REQ, 28 AC, 11 DNC, 7 вопросов владельцу
С1п 0/0 запуск
С1п 1/4 методика, промпт С1п, формат прогресса
С1п 2/4 образец ответов 005, места В-01…В-07 в spec.md
С1п 3/4 ответы и ссылки внесены
С1п 4/4 готово
С2 0/0 [21:40] запуск
С2 1/8 [21:40] методика @ 41ba76f: С2, пробы, потолок, форматы
С2 2/8 [21:40] spec.md и task/message.md прочитаны, покрытие сверено
С2 3/8 [21:40] код main: статус, письма, настройки, обязательства
С2 4/8 [21:42] пробы: endsWithQuestion, слова ворот, схема, 20 ссылок
С2 5/8 [21:42] пробы: форма вопросов в спецификациях, Канон, дрейф main
С2 6/8 [21:42] ворота, лимит, отзыв, методика, формат Канона сверены
С2 7/8 [21:42] spec-review-1.md записан
С2 8/8 [21:42] готово: существенных 11, поверхностных 5, проб 10
С1п 0/0 запуск
С1п 1/5 spec-review-1 и места правок прочитаны
С1п 2/5 ссылки на код пересчитаны на 88f9c38
С1п 3/5 REQ-04, 06, 07, 09, 10, 13, 14 переписаны
С1п 4/5 REQ-19, 20, 22, 24, AC-29...AC-32, В-08, В-09
С1п 5/5 готово
С1п 0/0 запуск
С1п 1/2 ответы О-08, О-09 внесены
С1п 2/2 готово
С2 0/0 [22:03] запуск, заход 2
С2 1/9 [22:03] методика @ 41ba76f: С2, пробы, потолок, форматы
С2 2/9 [22:03] spec.md, spec-review-1, Канон, message.md прочитаны
С2 3/9 [22:03] код main: nudge, статус, панель, письма сверены
С2 4/9 [22:06] пробы: реальные В-блоки, слова ворот, разбор, Т-7
С2 5/9 [22:06] пробы: 52 и 30 формулировок о воротах, панель 32 знака
С2 6/9 [22:06] пробы: endsWithQuestion на пакете, дрейф ссылок, id/абзацы
С2 7/9 [22:06] закрытие 16 находок spec-review-1 сверено по тексту
С2 8/9 [22:08] spec-review-2.md записан
С2 9/9 [22:08] готово: существенных 6, поверхностных 7, проб 10
С1п 0/0 запуск
С1п 1/5 spec-review-2 прочитан, ссылки на 22af5f1
С1п 2/5 REQ-05, 08, 12, 13 и пробы Т-8
С1п 3/5 REQ-07, 15, 17 и остаток пакета
С1п 4/5 AC-02, 05, 12, 16, 30, 32 и В-10
С1п 5/5 готово
С1п 0/0 запуск
С1п 1/1 готово
С2 0/0 [22:25] запуск, заход 3
С2 1/8 [22:25] методика @ 41ba76f: С2, пробы, потолок, форматы
С2 2/8 [22:25] spec.md, spec-review-2, Канон, message.md прочитаны
С2 3/8 [22:25] код main: nudge, syncStatus, панель, status.ts
С2 4/8 [22:25] пробы: 84 основы, 127 формулировок, 176 словоформ
С2 5/8 [22:25] пробы: ложные срабатывания, 30 реальных блоков
С2 6/8 [22:25] закрытие находок 1-13 захода 2 сверено по тексту
С2 7/8 [22:25] spec-review-3.md записан
С2 8/8 [22:25] готово: существенных 3, поверхностных 4, проб 10
С1п 0/0 запуск
С1п 1/4 spec-review-3 прочитан
С1п 2/4 В-11, REQ-04, 05, 07, 13 и таблица Т-9
С1п 3/4 REQ-06, AC-05, 06, 10, 14, 29, 30
С1п 4/4 готово
С2 0/0 [22:37] запуск, заход 4
С2 1/8 [22:37] методика @ 41ba76f: С2, пробы, потолок, форматы
С2 2/8 [22:37] spec.md, spec-review-3, Канон, message.md прочитаны
С2 3/8 [22:37] код main: nudge, syncStatus, статус, цикл побудки
С2 4/8 [22:37] пробы: 124 основы, таблицы Т-7…Т-9, 51 формулировка
С2 5/8 [22:37] пробы: 47 реальных блоков, 89 отчётов со знаком «?»
С2 6/8 [22:37] закрытие находок 1-7 захода 3 сверено по тексту
С2 7/8 [22:37] spec-review-4.md записан
С2 8/8 [22:37] готово: существенных 3, поверхностных 3, проб 10
С1п 0/0 запуск
С1п 1/4 spec-review-4 прочитан, О-11 и сброс потолка
С1п 2/4 REQ-04, 06, 07, 13 и жаргон Т-9
С1п 3/4 сценарии AC-02...AC-30 под признак
С1п 4/4 готово
С2 0/0 [23:07] запуск, заход 5
С2 1/8 [23:07] методика @ 41ba76f: С2, пробы, потолок, форматы
С2 2/8 [23:07] spec.md, spec-review-4, Канон, message.md прочитаны
С2 3/8 [23:07] код main fa9f235: nudge, статус, схема; ADR 005 vs 007
С2 4/8 [23:07] пробы: 144 основы, таблицы Т-7…Т-9, поля, 40 формулировок
С2 5/8 [23:07] пробы: 49 реальных блоков, 100 отчётов со знаком «?»
С2 6/8 [23:07] закрытие находок 1-6 захода 4 сверено по тексту
С2 7/8 [23:07] spec-review-5.md записан
С2 8/8 [23:07] готово: существенных 4, поверхностных 4, проб 12
С1п 0/0 запуск
С1п 1/4 spec-review-5 прочитан, ADR и ссылки
С1п 2/4 REQ-13: имена полей, среда, точка, основы
С1п 3/4 форма вопроса, AC-25, Д-06, текст до В-NN
С1п 4/4 готово
С2 0/6 старт
С2 1/6 заход 6: прочитаны методика, spec.md, spec-review-5
С2 2/6 закрытие находок захода 5 по тексту
С2 3/6 пробы: значения полей, таблицы Т-7…Т-9
С2 4/6 пробы: шум сетки на блоках 001…007 и плане
С2 5/6 пробы: ветки автоответа и ворота, код main
С2 6/6 spec-review-6.md записан
С1п 0/0 запуск
С1п 1/3 spec-review-6 прочитан
С1п 2/3 REQ-13, REQ-04, REQ-07, Д-06, AC-05, 29, 30
С1п 3/3 готово
С2 0/7 старт
С2 1/7 методика, spec.md, spec-review-6 прочитаны
С2 2/7 пробы: основы, таблицы Т-7…Т-9 (174 основы)
С2 3/7 пробы: измерение на блоках 001…007 и планах 002…005
С2 4/7 пробы: ветки автоответа, Срок/Адресат/подпись, нормализация
С2 5/7 закрытие находок 1-7 захода 6 сверено по тексту
С2 6/7 spec-review-7.md записан
С2 7/7 готово: существенных 2, поверхностных 4, проб 9
С1п 0/0 запуск
С1п 1/4 spec-review-7 прочитан, проба узких форм
С1п 2/4 REQ-13, REQ-04, Т-9, AC-05, AC-06
С1п 3/4 таблица замера Т-10, Д-06, ссылки
С1п 4/4 готово
С2 0/6 старт
С2 1/6 spec.md, spec-review-7, Т-7…Т-10 прочитаны
С2 2/6 Т-10, Т-9 прогнаны скриптами
С2 3/6 пробы узких форм и Т-10: найдена круговая метка
С2 4/6 spec-review-8.md записан
С2 5/6 log.md, profile.log
С2 6/6 готово: существенных 1, поверхностных 6, проб 10
С1п 0/0 запуск
С1п 1/5 spec-review-8 и места agent найдены
С1п 2/5 снят agent: REQ-02, 08, 09, 14, 15, 17, 23
С1п 3/5 сняты AC-12, 13, 28, 31, правки AC-05, 08, 09
С1п 4/5 таблица Т-10 по смыслу, В-12, REQ-13
С1п 5/5 готово
С1п 0/0 запуск
С1п 1/1 готово
С2 0/6 старт
С2 1/6 spec.md, spec-review-8, message.md (Связи) прочитаны
С2 2/6 Т-10 разобрана скриптом: 10 из 44, правило прохода
С2 3/6 сетка: Т-7, Т-8, Т-9, узкие формы, ссылки на agent
С2 4/6 spec-review-9.md записан
С2 5/6 log.md, profile.log
С2 6/6 готово: существенных 3, поверхностных 8
С1п 0/0 запуск
С1п 1/4 spec-review-9 прочитан
С1п 2/4 Связи: M-21, К-11, опись 25
С1п 3/4 снятые AC, AC-10, REQ-01, 04, 13, Т-10
С1п 4/4 готово
С2 0/5 старт
С2 1/5 методика и spec прочитаны
С2 2/5 закрытие находок захода 9
С2 3/5 пробы: сетка, Т-10, формы
С2 4/5 spec-review-10 записан
С2 5/5 готово
С1п 0/0 запуск
С1п 1/4 spec-review-10 прочитан
С1п 2/4 REQ-12, 13, 19, AC-05(г), основы и матрица Т-9
С1п 3/4 три слоя, REQ-02, 15, 18, AC-11, AC-25
С1п 4/4 готово
С2 0/6 старт
С2 1/6 spec-review-10 и spec.md прочитаны
С2 2/6 сетка REQ-13 воспроизведена, Т-9 пробы
С2 3/6 Т-10 пересчитан с новыми основами
С2 4/6 шум основ, дыры словаря, код card.review
С2 5/6 сверка Канона, ворот, чисел
С2 6/6 готово, spec-review-11.md записан
С1п 0/0 запуск
С1п 1/3 spec-review-11 прочитан, замер Т-10 пересчитан
С1п 2/3 числа только в Т-10, REQ-02, 12, 13, О-12, Н-12
С1п 3/3 готово
С2 0/6 старт
С2 1/6 spec-review-11, spec.md и материалы прочитаны
С2 2/6 Т-10 пересчитана по 8 источникам: 9 из 44, без пояснения 16
С2 3/6 Т-9, Т-7, Т-8 и 22 случая разборщика, ворот нет
С2 4/6 код, Канон, ворота методики сверены
С2 5/6 находки записаны
С2 6/6 готово, spec-review-12.md записан
С1п 0/0 запуск
С1п 1/2 spec-review-12 прочитан, число без пояснения
С1п 2/2 готово
