С1 0/26 старт
С1 1/26 task/message.md
С1 2/26 task-algorithm.md @ 41ba76f
С1 3/26 task-sessions.md @ 41ba76f (С1, формат spec.md, вопросы)
С1 4/26 task-runner.md @ 41ba76f (машинные форматы, протокол прогресса)
С1 5/26 README методики: §5, §18 (признак жизни), §19-§21
С1 6/26 AGENTS.md, doc/canon/README.md, process.md, decisions/README.md
С1 7/26 образцы 002 и 003: log.md, progress.log, profile.log
С1 8/26 opencode-plugin/status.ts: statusOf, sidebarLines, sideText, formatStatuses
С1 9/26 opencode-plugin/tui.ts и sidebar.tsx: команды окна, блок панели, период обновления
С1 10/26 opencode-plugin/index.ts: syncStatus (раз в 15 с, status/), allCards
С1 11/26 opencode-plugin/tasks.ts, paths.ts: запись задачи, ящик
С1 12/26 core.ts и settings.ts: worktrees, worktree_name, taskPlace, проекты
С1 13/26 git worktree list: два дерева; свежий progress.log 002 в дереве, в main - его начало (префикс)
С1 14/26 проба: git worktree list 81 мс против чтения .git/worktrees 0,1 мс; stat журналов 0,5 мс; чтение 2241 строк 1,5 мс
С1 15/26 проба: одноразовый репозиторий с деревом: дописывание двигает mtime, копия с большим числом строк выигрывает, тишина 11 мин и 25 ч, готово, k больше N, обрезанная строка, удалённое дерево
С1 16/26 формат: разбор 1139 строк progress.log задач 001-003 и дерева 002 - строк не по формату 0
С1 17/26 живость: коммиты ветки 002 каждые 3-10 мин; последний коммит 10:21 при последней строке журнала 09:56
С1 18/26 OpenCode v2.0.23 (текст программы): слот sidebar.content - прокручиваемый блок шириной 42 колонки, sidebar.footer - неподвижный
С1 19/26 ветка task-002-guards: страж check-task-docs.py (progress.log не проверяет), правка process.md рядом с местом для записи в Канон
С1 20/26 проба: mtime меняется только у файла, содержимое которого поменял git (checkout, ff-merge); у неизменного не двигается
С1 21/26 уточнение числа: в трёх живых журналах (001, 002 в дереве, 003) 1155 непустых строк, 102 сессии, 0 строк не по формату; ранее названное 1139 - неточность
С1 22/26 plan-уровень: ограничения Канона (нет голых кодов), taskRef, README плагина
С1 23/26 spec.md: опись 26, покрытие msg 25 фрагментов и 4 указания запуска, факты, выводы, неизвестное, допущения
С1 24/26 spec.md: требования, запреты, сценарии приёмки, предложение для Канона
С1 25/26 spec.md: пакет вопросов владельцу с рекомендациями, тип задания и команды
С1 26/26 spec.md: сверка ссылок и счётчиков (REQ 21, AC 22, DNC 8, вопросов 8), поиск путей машины и приватных имён: 0 совпадений
С1п 0/10 старт
С1п 1/10 О-01 блок под «Crew» и команда
С1п 2/10 О-02 пороги 10 минут, 15 минут, 24 часа
С1п 3/10 О-03 строка запуска от ведущего
С1п 4/10 О-04 строка остановки
С1п 5/10 О-05 страж формата после слияния 002
С1п 6/10 О-06 движение ветки справкой
С1п 7/10 О-07 порядок шагов относительно 002
С1п 8/10 О-08 taskRef вынесен, коммит d88a1f4 фактом
С1п 9/10 согласование REQ-16, REQ-17, AC-18, AC-19, Н-04, Д-08, Пр-01, Изменения захода 1
С1п 10/10 сверка: REQ 21, AC 22, DNC 8, открытых вопросов 0; пути машины и запрещённые имена - 0 совпадений
С2 0/12 старт
С2 1/12 task-algorithm, task-sessions (С2), task-runner (машинные форматы) прочитаны; spec.md и message.md прочитаны
С2 2/12 факты: журналы 001-003 (число строк, формат: 0 не по форме, 130 подписей >80, k>N 0), деревья по .git/worktrees/*/gitdir (2), проба чтения 1,9 мс
С2 3/12 код: sidebar.tsx, tui.ts, status.ts сверены; слот sidebar.content/footer и ширина 42 подтверждены по тексту программы; найден тест crew-sidebar с точным списком команд
С2 4/12 задачи 002 и 003 сверены: страж check-task-docs.py, process.md, tui.ts команды 003; main ушёл на 2 коммита от b723422
С2 5/12 проверено: настройки читаются через git (settings.ts), mtime при ff-merge, тест crew-sidebar с точным списком команд, префикс 002 цел
С2 6/12 найдены 9 существенных и 5 поверхностных; spec-review-1.md записан
С2 7/12 проверка файлов поиском: ноль совпадений
С2 8/12 сверка находок с цитатами и номерами строк кода
С2 9/12 сверка находок с цитатами и номерами строк кода
С2 10/12 сверка находок с цитатами и номерами строк кода
С2 11/12 сверка находок с цитатами и номерами строк кода
С2 12/12 profile.log и log.md дополнены
С1п 0/16 старт заход 2 (spec-review-1.md)
С1п 1/16 spec-review-1.md прочитан: находки 1-14
С1п 2/16 проба: шаблон пути машины на журналах 001, 003, 002 (дерево): строгий 0 совпадений, наивный 2 (адреса сайтов)
С1п 3/16 проба: фикстура 20 журналов по 600 строк в 2 деревьях: чтение 12,5 мс, разбор с нуля 22,5 мс
С1п 4/16 находка 1: /crew-progress и самотест crew-sidebar - одно сравнение обновляется тем же коммитом, DNC-01, REQ-11, REQ-21, AC-13, AC-20
С1п 5/16 находка 2: пороги из кэша настроек (загрузка и раз в минуту), REQ-10, AC-11, AC-25
С1п 6/16 находка 3: кэш только разбора, состояние по часам при каждом показе, REQ-10, REQ-04, REQ-05, AC-02, AC-03
С1п 7/16 находка 4: смысл 0/0 по слову запуск/старт, таблица состояний REQ-04, REQ-14, AC-07, AC-14
С1п 8/16 находка 5: готово только по явной строке, стоп при любом k, строка 14/14, REQ-04, REQ-12, REQ-13, AC-23
С1п 9/16 находка 6: время из строки, время файла только справка, выбор копии не по времени, REQ-03, REQ-04, Д-04, AC-04
С1п 10/16 находка 7: строка запуска в журнал дерева, расхождение копий, REQ-14, AC-24
С1п 11/16 находка 8: страж - форма отдельно, предел 80 для добавленных строк, шаблон пути, проба на 1202 строках, REQ-16, AC-18
С1п 12/16 находка 9: фикстура 10 журналов по 600 строк в 2 деревьях, счётчик процессов с контролем, AC-11
С1п 13/16 поверхностные 10-14: путь logs/HEAD, высота Crew и footer, Пр-05 про profile.log, строка владельца в log.md, REQ-15 после слияния 002
С1п 14/16 вопросы В-09 и В-10 с умолчаниями и рекомендациями; тексты рекомендаций В-01...В-08 возвращены
С1п 15/16 Изменения захода 2 и раздел Р-11 (повторные пробы)
С1п 16/16 сверка: REQ 21, AC 25, DNC 8, ссылки без пропусков, пути машины и запрещённые имена - 0 совпадений
С2 0/14 старт заход 2 (spec-review-1.md, spec.md)
С2 1/14 методика, message.md, spec-review-1.md, spec.md прочитаны
С2 2/14 факты: журналы 001, 003, 002 (дерево) - 1210 строк, не по форме 0, k>N 0, подписей >80 133 (рост 003), адреса сайтов 2 из 2 по наивному шаблону, по строгому 0
С2 3/14 проба: тёплый проход на фикстуре 2 дерева x 10 журналов x 600 строк - медиана 4,1 мс (stat 20 файлов один - 2,5 мс); порог AC-11 2 мс не достижим
С2 4/14 проба: подмена node:child_process до импорта + syncBuiltinESMExports - счётчик 1 из 1 (приём AC-11 в и г работает)
С2 5/14 код: crew-sidebar строка 72, settings.ts (до пяти git, кэш 5 с), guardlib 002 (режимы tree/index/commit, вердикты ок:/судить нечего:), run-all --index и дерево в CI
С2 6/14 проба: одноразовый репозиторий с деревом - дерево, созданное после непринятой строки запуска в основной копии, даёт расходящиеся копии (ни одна не начало другой); eol=lf в репозитории, CR в журналах 0
С2 7/14 проба: чтение настроек settings.ts на одноразовом репозитории - 0,55 с на чтение (синхронные git), 6 чтений подряд 530-640 мс
С2 8/14 найдено: тёплый проход, блокировка окна чтением настроек, грамматика времени, место строки запуска, контракт стражей 002
С2 9/14 spec-review-2.md записан: существенных 5, поверхностных 11, проб 7
С2 10/14 profile.log и log.md дополнены
С2 11/14 закрытие находок захода 1 сверено по тексту
С2 12/14 временные папки проб и клон методики удалены
С2 13/14 поиск путей машины и чужих имён в своих файлах: 0 совпадений
С2 14/14 готово
С1п 0/14 старт заход 3 (spec-review-2.md)
С1п 1/14 spec-review-2.md прочитан: находки 1-16; контракт стражей 002 (run-all, вердикты, режимы) прочитан в ветке
С1п 2/14 находка 1: бюджет обхода 10 мс и не больше 3x голых stat, показ без обхода 1 мс, обход раз в 5 с, message.md в чтениях
С1п 3/14 находка 2: пороги пишет служба в ящик, окно настройки не читает, AC-25 меряет блокировку цикла
С1п 4/14 находка 3: грамматика времени, слово после снятия времени, дата, AC-14, AC-26
С1п 5/14 находка 4: место строки запуска по кодам сессий, запуск вне сравнения копий, AC-24
С1п 6/14 находка 5: страж по контракту 002 (вердикты, режимы, предел 80 только в pre-commit), Ф-23, Р-12, AC-18
С1п 7/14 поверхностные 6-7: обзорные места, оркестратор вместо ведущий
С1п 8/14 поверхностные 8, 12: порядок трёх задач и раскладка четырёх строк
С1п 9/14 поверхностные 9, 10, 13: ключи порогов и файлы, k больше N не ошибка, модули progress.ts и progress-scan.ts
С1п 10/14 поверхностные 11, 14, 15, 16: дата строки, молчаливая сессия, переходный период, заголовок команды
С1п 11/14 Предложение для Канона переписано, В-10 уточнён
С1п 12/14 Изменения захода 3 и слои задачи
С1п 13/14 сверка идентификаторов и ссылок: REQ 21, AC 26, DNC 8, пропусков нет
С1п 14/14 поиск путей машины и запрещённых имён по четырём файлам: 0 совпадений
С2 0/12 старт заход 3 (spec-review-2.md, spec.md)
С2 1/12 методика, message.md, spec-review-1.md, spec-review-2.md, spec.md прочитаны
С2 2/12 код: sidebar.tsx, tui.ts, index.ts (loadConfig только при состоянии owner), settings.ts, core.ts
С2 3/12 проба: тёплый и холодный проход на фикстуре 2x10x600 (тёплый 6,8-7,5 мс, отношение 2,6)
С2 4/12 проба: 40 холодных проходов - отношение к чтению выше 3 в 3 случаях, максимум 55,9 мс
С2 5/12 проба: формат четырёх журналов - 1324 строки, не по форме 0, подписей >80 182
С2 6/12 проба: шаблон времени из REQ-04 в JavaScript не совпадает ни с чем
С2 7/12 контракт стражей 002: вердикты, режимы, changed() - Ф-23 верна
С2 8/12 таблица состояний REQ-04: дыра для готово при k не равном N
С2 9/12 закрытие находок захода 2 сверено по тексту spec.md
С2 10/12 spec-review-3.md записан: существенных 7, поверхностных 7, проб 7
С2 11/12 profile.log и log.md дополнены; временные папки удалены
С2 12/12 поиск путей машины и чужих имён в своих файлах: 0 совпадений
С1п 0/16 старт заход 4 (spec-review-3.md)
С1п 1/16 spec-review-3.md прочитан: находки 1-14
С1п 2/16 находки 1 и 2: пороги - константы и переменные окружения, служба и ядро не меняются, В-11, REQ-10, REQ-20, Д-08, AC-25
С1п 3/16 находка 3: относительные критерии медиана и p90, разбор не более 5 файлов за тик, потолок блокировки 100 мс, AC-11
С1п 4/16 находка 4: шаблон времени с экранированием проверен в JavaScript и Python, Р-13, AC-26
С1п 5/16 находка 5: таблица состояний - слово готово главнее счёта, k больше N, AC-23
С1п 6/16 находка 6: AC-18 без фиксированных чисел
С1п 7/16 находка 7: порядок показа и высота 14 строк, REQ-07, AC-12, Д-05, И-05
С1п 8/16 поверхностная 8: первая версия нового журнала пределом не проверяется
С1п 9/16 поверхностная 9: заголовок фактов и порядок Ф-23
С1п 10/16 поверхностная 10: core.ts и схема не затрагиваются
С1п 11/16 поверхностная 11: неверное поле времени страж не красит
С1п 12/16 поверхностная 12: дерево до С5 только если уже есть
С1п 13/16 поверхностная 13: текст команды вне репозитория, AC-16
С1п 14/16 поверхностная 14: строки запуска не последняя строка копии, REQ-03
С1п 15/16 Изменения захода 4, Р-13, Р-14, В-11
С1п 16/16 сверка идентификаторов: REQ 21, AC 26, DNC 8; пути машины и запрещённые имена - 0 совпадений
С2 0/10 старт заход 4 (spec-review-3.md, spec.md)
С2 1/10 методика, message.md, spec-review-1…3.md, spec.md прочитаны
С2 2/10 закрытие находок захода 3 сверено по тексту spec.md
С2 3/10 проба: формат и состав четырёх журналов, ключевые слова, коды сессий
С2 4/10 проба: шаблон времени и строка в JavaScript и Python (цифры другого начертания)
С2 5/10 проба: бюджет на фикстуре 2x10x600, тёплый обход 2,5 x stat
С2 6/10 проба: деревья git и logs/HEAD; тесты вокруг tui.ts
С2 7/10 проба: loadConfig в периодических шагах службы (flowWatch, watches)
С2 8/10 существенная 1: строка запуска без времени перекрывает готово и стоп (REQ-03, REQ-14)
С2 9/10 spec-review-4.md записан: существенных 1, поверхностных 8, проб 7
С2 10/10 profile.log и log.md дополнены; поиск путей машины и чужих имён в своих файлах
С1п 0/14 старт заход 5 (spec-review-4.md и ответы О-09...О-11)
С1п 1/14 spec-review-4.md прочитан: находки 1-9; ответы О-09...О-11 из log.md
С1п 2/14 существенная 1: общее правило - состояние сессии по последней строке в выбранной копии, строка запуска из другой копии лишь создаёт запись, REQ-03, AC-24 с случаями без времени
С1п 3/14 поверхностная 2: факт про чтение настроек службой (сторожевой шаг раз в 60 с), В-11, REQ-10, Р-14
С1п 4/14 поверхностная 3: шаблон строки Д-11 на ASCII-цифрах, проверен в JavaScript и Python, Р-15, AC-26
С1п 5/14 поверхностная 4: ветка Nм в панели в короткой форме, полная в команде, REQ-07, AC-19
С1п 6/14 поверхностная 5: пока задач с признаком не больше трёх, В-01 - 14 строк
С1п 7/14 поверхностная 6: AC-22 покрывает шесть оговорок REQ-20
С1п 8/14 поверхностная 7: обход и показ вместо тика, порядок разбора, команда разбирает все, REQ-10, REQ-11, AC-11, AC-25
С1п 9/14 поверхностная 8: crew-autoclose и crew-wake в AC-20
С1п 10/14 поверхностная 9: корень репозитория подъёмом до .git, REQ-02, AC-06
С1п 11/14 ответы О-09, О-10, О-11 оформлены, вопросы В-09, В-10, В-11 закрыты
С1п 12/14 места по умолчанию принято заменены ссылками на ответы
С1п 13/14 Изменения захода 5 и сверка идентификаторов: REQ 21, AC 26, DNC 8
С1п 14/14 поиск путей машины и запрещённых имён по четырём файлам: 0 совпадений
С2 0/10 старт заход 5 (spec-review-4.md, spec.md)
С2 1/10 методика, message.md, spec-review-4.md, spec.md, log.md прочитаны; код main и дерево 002 доступны
С2 2/10 проба: формат строки Д-11 в JavaScript и Python, коды сессий в журналах 001-004, деревья git и относительные пути
С2 3/10 проба: модель правила REQ-03/REQ-04 на синтетических копиях (маршрут С7 в основную копию, чужой запуск, равные копии)
С2 4/10 проба: ширина строк панели 32 знака (названия сессий, ветка Nм), реальные деревья и logs/HEAD
С2 5/10 существенная 1: строки С7-С9 по таблице REQ-14 пишутся в основную копию, при дереве со строками расхождение копий скрывает их; запуск из чужой копии заслоняет идущую сессию (проба модели)
С2 6/10 существенная 2: выбор между равными по содержимому копиями не задан, от него зависит действие строки запуска
С2 7/10 поверхностные 3-9: ширина названий и ветки в панели, REQ-20 и AC-22, остатки формулировок, пример AC-26, относительные пути деревьев, REQ-13 и таблица
С2 8/10 закрытие находок захода 4 сверено по тексту; ответы О-09...О-11 согласованы
С2 9/10 spec-review-5.md записан: существенных 2, поверхностных 7, проб 9
С2 10/10 profile.log и log.md дополнены; поиск путей машины и чужих имён в своих файлах
С1п 0/12 старт заход 6 (spec-review-5.md)
С1п 1/12 spec-review-5.md прочитан: находки 1-9
С1п 2/12 существенная 1: выбор копии по каждой сессии, объединение сессий, показываемая запись, брошенный запуск отдельной записью, REQ-03, REQ-14, AC-24 (S0-S3)
С1п 3/12 существенная 2: равные копии - основная копия, результат определён, AC-24 S3
С1п 4/12 проба: модель правила на синтетических копиях S0-S3 и ещё трёх случаях, Р-16
С1п 5/12 поверхностная 3: сокращение названия сессии до 28 знаков, k/N, ≠ и +N не обрезаются, REQ-07, REQ-08, AC-12, AC-15
С1п 6/12 поверхностная 4: ветка и тишина от 100 минут в часах, худший случай 32 знака, AC-19
С1п 7/12 поверхностная 5: семь позиций README в REQ-20 и AC-22
С1п 8/12 поверхностная 6: за тик в Р-14 заменено, пример С6 заменён случаями S0-S3
С1п 9/12 поверхностная 7: набор из шести строк дословно в Р-15, формулировка про пробел, AC-26
С1п 10/12 поверхностная 8: относительные пути .git и gitdir от каталога файла, REQ-02, AC-06
С1п 11/12 поверхностная 9: REQ-13 и REQ-04 согласованы, стоп при любом k
С1п 12/12 Изменения захода 6, сверка идентификаторов REQ 21, AC 26, DNC 8; пути машины и запрещённые имена - 0 совпадений
С2 0/10 старт заход 6 (2-й после сброса потолка)
С2 1/10 spec-review-4/5, log.md, прошлые находки прочитаны; методика склонирована
С2 2/10 spec.md прочитан целиком (REQ-03/04/05/07/10/11/14, AC-24, Р-15, Р-16)
С2 3/10 проба: разбор реальных журналов моделью REQ-03 - 002 даёт 70 записей, все в состоянии 7, ни одна не скрыта (находка 1)
С2 4/10 проба: независимая модель выбора копии по сессиям (S0-S3, повтор кода, пустые копии, равные запуски, расхождение, старт в основной)
С2 5/10 проба: векторы 100110 и 1000110 в JavaScript и Python совпали с Р-13 и Р-15
С2 6/10 проба: 003 даёт 4 прерванные старые сессии в состоянии «идёт», ширины строк панели (32/33 знака) пересчитаны
С2 7/10 проба: Python в текстовом режиме делит строку по одиночному CR, JavaScript нет; векторы Р-13/Р-15 подтверждены
С2 8/10 spec-review-6.md записан: существенных 1, поверхностных 8, проб 8
С2 9/10 profile.log и log.md дополнены
С2 10/10 поиск путей машины и чужих имён в своих файлах - 0 совпадений; временные папки удалены
С1п 0/12 старт заход 7 (spec-review-6.md)
С1п 1/12 spec-review-6.md прочитан: находки 1-9
С1п 2/12 существенная 1: записи-кандидаты - последняя сессия каждой копии, остальные вытеснены, REQ-03, REQ-04, REQ-07, REQ-11, Д-03
С1п 3/12 проба: модель на нынешних журналах 002, 003, 001 - кандидатов 1, 2 и 1 против 70, 19 и 27 сессий, Р-17
С1п 4/12 сценарии AC-27 на фикстурах по образцу журналов 002 и 003
С1п 5/12 поверхностные 2 и 3: две строки запуска в разных копиях, повтор кода, расхождение при равном времени, AC-05, AC-24 S4
С1п 6/12 поверхностная 4: правила сокращения строк панели 1-4, знак ≈ в форме нет вестей, ветка отбрасывается первой, REQ-07
С1п 7/12 поверхностная 5: имя команды /crew-progress во всех местах, REQ-11
С1п 8/12 поверхностная 6: деление файла по байтам и LF, вектор 11 против 101 и 4, Р-15б, Д-11, AC-26
С1п 9/12 поверхностная 7: запуск и строка того же кода с k больше 0 без старт - одна сессия, Д-03, REQ-03, AC-24 S5
С1п 10/12 поверхностная 8: порядок времён изменения файлов в AC-24 S1 и S1-обратный
С1п 11/12 поверхностная 9: место записи запуска в Каноне согласовано с REQ-14
С1п 12/12 Изменения захода 7, сверка идентификаторов REQ 21, AC 27, DNC 8; пути машины и запрещённые имена - 0 совпадений
С2 0/10 старт
С2 1/10 spec.md прочитан целиком (1116 строк), методика и прошлые файлы проверки прочитаны
С2 2/10 проба 1: векторы Р-15, Р-15б, шаблона времени в JavaScript и Python - 100110, 11, 1000110 (совпадает)
С2 3/10 проба 2: модель REQ-03 на нынешних журналах 001-004 и синтетике S0-законченная: запуск в основной копии при законченной сессии дерева даёт призрак С5#2 вопреки AC-24 без времени
С2 4/10 проба 3: производительность на 20 файлах по 600 строк - разбор/чтение 2,02 (медиана), p90 3,30; stat 20 файлов 2,75 мс; журналы 001-004: строк не по форме 0, k>N 0
С2 5/10 проба 4: подмена child_process счётчиками до импорта и syncBuiltinESMExports работает (счётчик 1); проба 5: модель - устаревшая копия даёт лишнего кандидата, запуск при законченной сессии дерева даёт призрак С5#2 (с временем и без)
С2 6/10 проба 6: нагрузка на 20 файлах по 600 строк и счётчик процессов проверены; файл spec-review-7.md записан
С2 7/10 находка 1: запуск в основной копии при законченной сессии дерева даёт призрак С5#2, противоречие с AC-24 без времени
С2 8/10 находка 2: слова состояний панели REQ-07 расходятся с REQ-06, AC-01, AC-02, AC-07, AC-23
С2 9/10 поверхностные 3-10 и закрытие находок захода 6 записаны
С2 10/10 spec-review-7.md готов: существенных 2, поверхностных 8, проб 9; пути машины и чужие имена - 0 совпадений
С1п 0/14 старт заход 8 (spec-review-7.md)
С1п 1/14 spec-review-7.md прочитан: находки 1-10
С1п 2/14 существенная 1: правило законченной сессии другой копии снято, ключ записи запуска (код, начатых в её копии + 1), REQ-03, REQ-14, Д-03
С1п 3/14 проба: модель на S0-S5, двух строках запуска, расхождении, устаревшем дереве и журналах 001-003 - призраков нет, Р-16
С1п 4/14 существенная 2: единая таблица слов состояний панель/команда в REQ-07, шагов нет в строке 2, REQ-06
С1п 5/14 сценарии AC-01, AC-02, AC-03, AC-07, AC-23 приведены к таблице
С1п 6/14 AC-24 переписан: S0 идёт/законченная/со временем, S1, S1-обратный, S2, S3, S4, S5, две строки запуска, устаревшее дерево, расхождение
С1п 7/14 поверхностная 3: устаревший снимок в другом дереве - вытеснена в копии выбранной для её ключа, реестр .git/worktrees
С1п 8/14 поверхностная 4: плюс N без скрытых и вытесненных, группа внимание по показываемой записи
С1п 9/14 поверхностные 5 и 6: Р-16 по новой модели, время файла равных копий одной ссылкой на REQ-04
С1п 10/14 поверхностная 7: актуализация фактов о 002 и стражах (002 влита, scripts/guards), REQ-15, REQ-16, AC-17
С1п 11/14 поверхностная 8: недопустимый UTF-8 заменяется, слово целиком у готово и стоп, AC-26
С1п 12/14 поверхностные 9 и 10: задача показывается при разобранных всех копиях, язык раздела README
С1п 13/14 Изменения захода 8 и сверка идентификаторов REQ 21, AC 27, DNC 8
С1п 14/14 поиск путей машины и запрещённых имён по четырём файлам: 0 совпадений
С2 0/10 старт
С2 1/10 spec.md прочитан целиком (1147 строк), методика, message.md, spec-review-6 и 7 прочитаны
С2 2/10 пробы 1-2: модель REQ-03 (ключи, вытеснение, состояния) написана заново и прогнана на журналах 001-004: 27/70/23/17 записей, один кандидат на задачу, вытеснено 26/69/22/16
С2 3/10 проба 3: синтетика на 14 случаях (S0, устаревшая основная копия, повтор кода, два запуска, запуск в основной при завершённой сессии в дереве): призрака после «готово» нет; лишний кандидат (+1) даёт только последняя сессия общего начала при отсутствии строки запуска и остановившаяся последняя сессия дерева при следующей сессии в основной копии
С2 4/10 пробы 4-5: ширины строк таблицы REQ-07 пересчитаны (максимум 32 знака, укладывается), факты кода сверены (SIDE_WIDTH 288, DIALOG_WIDTH 187, команды 174-177, сравнение списка команд 72, EVERY_MS 9); счёт идентификаторов REQ 21, AC 27, DNC 8, опись 26
С2 5/10 проба 6-7: слова и k<N в журналах 001-004 (готово/стоп/запуск целиком - 1 строка, k>N 0); проба 8: запуск в основной копии при ветке задачи даёт отказ слияния --ff-only и конфликт ребейза (одноразовый репозиторий)
С2 6/10 находки 1-3 записаны: лишний +1 у последней сессии общего начала и остановившейся сессии дерева, граница слова только в AC-26, резерв «готово» не доведён до Канона
С2 7/10 находки 4-9 записаны: слова AC-01, AC-22, указатель AC-26, Д-03, метки REQ-07, AC-18 о дереве 002, нумерация «Изменения захода N», конфликт слияния от строки запуска
С2 8/10 закрытие находок захода 7 и перечень рассмотренного записаны; существенных нет
С2 9/10 spec-review-8.md готов: существенных 0, поверхностных 9, проб 8; profile.log и log.md дополнены
С2 10/10 поиск путей машины и чужих имён в своих файлах - 0 совпадений; стражи check-task-docs, check-text-hygiene, check-private-names, guard-secrets на копии папки - ок; временные папки удалены
С1п 0/10 старт заход 9 (spec-review-8.md)
С1п 1/10 spec-review-8.md прочитан: 9 поверхностных
С1п 2/10 находка 1: плюс N не считает кандидата в состоянии 1, 2, 4, 7 старше показываемой записи, REQ-03
С1п 3/10 находка 2: граница слова и разбор стоп перенесены в REQ-04 и Д-11
С1п 4/10 находка 3: резерв слов готово и стоп в REQ-12 и тексте для Канона
С1п 5/10 находка 4: слова AC-01, AC-22, указатель AC-01...AC-27
С1п 6/10 находка 5: Д-03 ссылается на REQ-03
С1п 7/10 находка 6: метки состояний 3 и 4, ветка у состояния 3 после порога, REQ-07, REQ-17
С1п 8/10 находки 7 и 8: AC-18 без дерева 002, пояснение к нумерации Изменения захода N
С1п 9/10 находка 9: запуск первой С5 в дерево, создаваемое до запуска, REQ-14, REQ-20, Канон
С1п 10/10 Изменения захода 9, сверка REQ 21, AC 27, DNC 8; пути машины и запрещённые имена - 0 совпадений
С2 0/10 старт
С2 1/10 spec.md прочитан целиком (1166 строк), методика (С2, машинные форматы), message.md, spec-review-7 и 8 прочитаны
С2 2/10 проба 1: модель REQ-03 написана заново (Д-11, Д-03, ключи, вытеснение, состояния) и прогнана на журналах 001-004: один кандидат на задачу, призраков нет
С2 3/10 проба 2-3: 908 пар «основная копия + устаревший снимок» на журналах 001-004 без времени: ложных «+N» 0; те же пары с подставленным временем в строках: «+N» у 3 пар из 470 для 003
С2 4/10 проба 4: в журналы вставлены строки запуска перед каждой сессией, 3428 пар копий: показана всегда последняя сессия, призраков запуска нет, «+N» только те же 3 пары
С2 5/10 проба 5-6: семь синтетических случаев (общее начало «готово»/«стоп»/прервана, запуск в основной копии, равные копии); факты кода и счёт идентификаторов REQ 21, AC 27, DNC 8, итого 26
С2 6/10 проба 7: слова готово, стоп, запуск в журналах 001-004 - ключевых слов вне последней строки сессии 0
С2 7/10 закрытие находок захода 8 по тексту спецификации проверено, находки записаны
С2 8/10 spec-review-9.md записан
С2 9/10 profile.log и log.md дополнены
С2 10/10 поиск путей машины и чужих имён в своих файлах - 0 совпадений; стражи на копии: см. итог
С3 0/10 старт
С3 1/10 методика @ 41ba76f: task-algorithm, task-sessions (промпт С3), машинные форматы
С3 2/10 spec.md (21 REQ, 27 AC, 8 DNC), spec-review-9, log.md, message.md
С3 3/10 код: status.ts, tui.ts, sidebar.tsx, тесты crew-sidebar и crew-autoclose; стражи check-task-docs, guardlib, run-all
С3 4/10 находка: в журнале 003 две строки не по форме (строка без k/N и запуск 0/?), AC-18 на нём недостижим без решения владельца
С3 5/10 решения: порядок слияния с 003, раскладка модулей, страж и его границы, разбор семи поверхностных захода 9
С3 6/10 plan.md: решения, Р-01…Р-06, карта 21 REQ, покрытие 27 AC, DoD, 12 шагов
С3 7/10 сверка с кодом и стражами: машинные форматы plan.md, 7 находок захода 9 разобраны
С3 8/10 стражи на копии репозитория (run-all, guard-secrets): FAIL 0
С3 9/10 поиск путей машины и чужих имён в своих файлах: 0 совпадений
С3 10/10 log.md и profile.log дополнены, plan.md готов к проверке
С4 0/21 старт
С4 5/21 REQ-01…05: карта, шаги 2-6, таблица состояний сверены с кодом
С4 12/21 REQ-06…12: бюджеты, Д-11, пробы тёплого обхода и разбора
С4 21/21 REQ-13…21, AC, DNC: страж, журналы 001-003, пересечения с 003 сверены
С4 21/21 plan-review-1.md записан (4 существенных, 9 поверхностных, 12 проб)
С3п 0/9 старт
С3п 1/9 plan-review-1.md прочитан: 4 существенных, 9 поверхностных
С3п 2/9 журнал 003 исправлен в main: шаг 9 разблокирован, РП-02 решена
С3п 3/9 AC-11 а: РП-07 и раздел расхождений со спецификацией
С3п 4/9 AC-18: источник журналов и последствия отказа от РП-03
С3п 5/9 документы задачи в ветке, контроли DNC-03, DNC-04, DNC-08
С3п 6/9 поверхностные 5-13 исправлены
С3п 7/9 раздел Изменения захода 1
С3п 8/9 стражи на копии репозитория: FAIL 0
С3п 9/9 поиск путей машины и чужих имён: 0 совпадений; log.md и profile.log дополнены
С4 0/7 старт
С4 1/7 методика, plan.md и plan-review-1.md прочитаны
С4 2/7 находки 1-4 захода 1 сверены по тексту plan.md: закрыты
С4 3/7 Д-11 на журналах 001-004 после b50e647: 0 не по форме, путей машины 0
С4 4/7 команды DoD на временном репозитории: корень и подпапка, чисто и нарушение
С4 5/7 код, соседние места, счётчик процессов, реестр деревьев, prove-red
С4 6/7 карта REQ, AC, DNC, шагов и ворот сверена, находки отобраны
С4 7/7 plan-review-2.md записан: существенных 0, поверхностных 10, проб 18
С3п 0/8 старт
С3п 1/8 plan-review-2.md прочитан: 10 поверхностных
С3п 2/8 контроль AC-11 е, команды AC-17 и AC-21, AC-08
С3п 3/8 реестр деревьев, документы задачи в ветке, РП-08
С3п 4/8 довод в РП-01, контроль diff --check, директива jsx
С3п 5/8 согласованы шаги 1 и 9, РП-05 плана 003
С3п 6/8 раздел Изменения захода 2
С3п 7/8 стражи на копии: FAIL 0
С3п 8/8 поиск путей машины и чужих имён: 0 совпадений
С4 0/7 старт
С4 1/7 методика, plan.md, plan-review-1.md и plan-review-2.md прочитаны
С4 2/7 находки заходов 1 и 2 сверены по тексту plan.md
С4 3/7 Д-11 на журналах 001-004, ветка 003, рабочие копии: сверено
С4 4/7 команды DoD на временном репозитории: корень и подпапка, 3 состояния
С4 5/7 код, соседние места, кэш настроек, пересечения с 003, стражи на копии
С4 6/7 карта REQ, AC, DNC, шагов, РП и ворот сверена, находки отобраны
С4 7/7 plan-review-3.md записан: существенных 0, поверхностных 6, проб 14
С5 0/0 [18:33] запуск
С5 1/12 [18:33] шаг 1: ветка, дерево, база и базовое состояние тестов
С5 2/12 [18:39] шаг 2: разбор строк, время, слова, сессии; AC-14, AC-26 зелёные
С5 3/12 [18:39] шаг 3: состояния, пороги, видимость, названия; ячейки зелёные
С5 4/12 [18:43] шаг 4: выбор копии по сессиям, кандидаты, вытеснение, +N
С5 5/12 [18:48] шаг 5: обход деревьев, кэш, бюджет разбора, названия, ветка
С5 6/12 [18:52] шаг 6: тексты панели и диалога; ячейки AC-01…AC-27 зелёные
С5 7/12 [19:04] шаг 7: бюджеты и нагрузка; AC-11 и AC-25 держатся в трёх прогонах
С5 8/12 [19:08] шаг 8: блок Ход работ, команда /crew-progress, crew-sidebar
С5 9/12 [19:15] шаг 9: страж формата журнала; самотесты и prove-red зелёные
